[2026-08-16 10:31:34] [INFO] ==========================================================================================
[2026-08-16 10:31:34] [INFO] INICIANDO SINCRONIZAÇÃO DE RECEITAS | OPERADOR: Daniel | ANO REF: 2026
[2026-08-16 10:31:34] [INFO] ==========================================================================================
[2026-08-16 10:31:34] [INFO] [Banco de Dados] Tabela 'recebiveis_auditados' dropada. O banco foi expurgado com sucesso.
[2026-08-16 10:31:34] [INFO] [SISTEMA] O banco de dados foi completamente expurgado.
[2026-08-16 10:31:36] [INFO] ------------------------------------------------------------------------------------------
[2026-08-16 10:31:36] [INFO] [1/6] [FILIAL PARALELA]
[2026-08-16 10:31:39] [INFO] Detectada tela de login. Autenticando `Daniel@ccaaparalela`...
[2026-08-16 10:31:49] [INFO] Autenticado no Sponte para Daniel@ccaaparalela
[2026-08-16 10:31:49] [INFO] [Paralela] Acessando módulo Financeiro...
[2026-08-16 10:31:56] [INFO] [Paralela] Marcando: [X] Pendentes e [X] Quitadas via Injeção JS
[2026-08-16 10:31:57] [INFO] [Paralela] Injetando corte de tempo: 01/11/2025
[2026-08-16 10:31:57] [INFO] [Paralela] Isolando categoria: 1. Mensalidades
[2026-08-16 10:31:57] [INFO] [Paralela] Forçando ativação da Exportação
[2026-08-16 10:31:59] [INFO] [Paralela] Disparando Botão de Visualização/Exportação
[2026-08-16 10:32:22] [INFO] [Paralela] Download finalizado: rec_Paralela.xlsx
[2026-08-16 10:32:22] [INFO] [Paralela] Artefato bruto: 541.00 KB
[2026-08-16 10:32:22] [INFO] [Paralela] Transferindo para ETL...
[2026-08-16 10:32:24] [INFO] [Paralela] ETL processou em 2.09s.
[2026-08-16 10:32:24] [INFO] [Banco de Dados] Preparando inserção de 2044 registros para a filial 'Paralela'.
[2026-08-16 10:32:24] [INFO] [Banco de Dados] Operação de I/O concluída. 2044 linhas persistidas com sucesso.
[2026-08-16 10:32:24] [INFO] [Paralela] [1/6] ✅ Paralela: 2044 parcelas computadas.
[2026-08-16 10:32:25] [INFO] [Paralela] Ciclo encerrado. Tempo: 48.91s.
[2026-08-16 10:32:25] [INFO] ------------------------------------------------------------------------------------------
[2026-08-16 10:32:25] [INFO] [2/6] [FILIAL MATATU DE BROTAS]
[2026-08-16 10:32:27] [INFO] Detectada tela de login. Autenticando `Daniel@ccaamatatu`...
[2026-08-16 10:32:37] [INFO] Autenticado no Sponte para Daniel@ccaamatatu
[2026-08-16 10:32:37] [INFO] [Matatu de Brotas] Acessando módulo Financeiro...
[2026-08-16 10:32:44] [INFO] [Matatu de Brotas] Marcando: [X] Pendentes e [X] Quitadas via Injeção JS
[2026-08-16 10:32:45] [INFO] [Matatu de Brotas] Injetando corte de tempo: 01/11/2025
[2026-08-16 10:32:45] [INFO] [Matatu de Brotas] Isolando categoria: 1. Mensalidades
[2026-08-16 10:32:45] [INFO] [Matatu de Brotas] Forçando ativação da Exportação
[2026-08-16 10:32:47] [INFO] [Matatu de Brotas] Disparando Botão de Visualização/Exportação
[2026-08-16 10:33:12] [INFO] [Matatu de Brotas] Download finalizado: rec_Matatu de Brotas.xlsx
[2026-08-16 10:33:12] [INFO] [Matatu de Brotas] Artefato bruto: 558.87 KB
[2026-08-16 10:33:12] [INFO] [Matatu de Brotas] Transferindo para ETL...
[2026-08-16 10:33:14] [INFO] [Matatu de Brotas] ETL processou em 1.54s.
[2026-08-16 10:33:14] [INFO] [Banco de Dados] Preparando inserção de 2205 registros para a filial 'Matatu de Brotas'.
[2026-08-16 10:33:14] [INFO] [Banco de Dados] Operação de I/O concluída. 2205 linhas persistidas com sucesso.
[2026-08-16 10:33:14] [INFO] [Matatu de Brotas] [2/6] ✅ Matatu de Brotas: 2205 parcelas computadas.
[2026-08-16 10:33:14] [INFO] [Matatu de Brotas] Ciclo encerrado. Tempo: 49.33s.
[2026-08-16 10:33:14] [INFO] ------------------------------------------------------------------------------------------
[2026-08-16 10:33:14] [INFO] [3/6] [FILIAL IGUATEMI]
[2026-08-16 10:33:17] [INFO] Detectada tela de login. Autenticando `Daniel@ccaaiguatemi`...
[2026-08-16 10:33:27] [INFO] Autenticado no Sponte para Daniel@ccaaiguatemi
[2026-08-16 10:33:27] [INFO] [Iguatemi] Acessando módulo Financeiro...
[2026-08-16 10:33:33] [INFO] [Iguatemi] Marcando: [X] Pendentes e [X] Quitadas via Injeção JS
[2026-08-16 10:33:33] [INFO] [Iguatemi] Injetando corte de tempo: 01/11/2025
[2026-08-16 10:33:34] [INFO] [Iguatemi] Isolando categoria: 1. Mensalidades
[2026-08-16 10:33:34] [INFO] [Iguatemi] Forçando ativação da Exportação
[2026-08-16 10:33:36] [INFO] [Iguatemi] Disparando Botão de Visualização/Exportação
[2026-08-16 10:33:58] [INFO] [Iguatemi] Download finalizado: rec_Iguatemi.xlsx
[2026-08-16 10:33:58] [INFO] [Iguatemi] Artefato bruto: 499.92 KB
[2026-08-16 10:33:58] [INFO] [Iguatemi] Transferindo para ETL...
[2026-08-16 10:34:00] [INFO] [Iguatemi] ETL processou em 1.34s.
[2026-08-16 10:34:00] [INFO] [Banco de Dados] Preparando inserção de 1918 registros para a filial 'Iguatemi'.
[2026-08-16 10:34:00] [INFO] [Banco de Dados] Operação de I/O concluída. 1918 linhas persistidas com sucesso.
[2026-08-16 10:34:00] [INFO] [Iguatemi] [3/6] ✅ Iguatemi: 1918 parcelas computadas.
[2026-08-16 10:34:00] [INFO] [Iguatemi] Ciclo encerrado. Tempo: 46.02s.
[2026-08-16 10:34:00] [INFO] ------------------------------------------------------------------------------------------
[2026-08-16 10:34:00] [INFO] [4/6] [FILIAL SIMÕES FILHO]
[2026-08-16 10:34:03] [INFO] Detectada tela de login. Autenticando `Daniel@ccaasimoesfilho`...
[2026-08-16 10:34:14] [INFO] Autenticado no Sponte para Daniel@ccaasimoesfilho
[2026-08-16 10:34:14] [INFO] [Simões Filho] Acessando módulo Financeiro...
[2026-08-16 10:34:23] [INFO] [Simões Filho] Marcando: [X] Pendentes e [X] Quitadas via Injeção JS
[2026-08-16 10:34:23] [INFO] [Simões Filho] Injetando corte de tempo: 01/11/2025
[2026-08-16 10:34:24] [INFO] [Simões Filho] Isolando categoria: 1. Mensalidades
[2026-08-16 10:34:24] [INFO] [Simões Filho] Forçando ativação da Exportação
[2026-08-16 10:34:26] [INFO] [Simões Filho] Disparando Botão de Visualização/Exportação
[2026-08-16 10:34:41] [INFO] [Simões Filho] Download finalizado: rec_Simões Filho.xlsx
[2026-08-16 10:34:41] [INFO] [Simões Filho] Artefato bruto: 199.17 KB
[2026-08-16 10:34:41] [INFO] [Simões Filho] Transferindo para ETL...
[2026-08-16 10:34:41] [INFO] [Simões Filho] ETL processou em 0.54s.
[2026-08-16 10:34:41] [INFO] [Banco de Dados] Preparando inserção de 738 registros para a filial 'Simões Filho'.
[2026-08-16 10:34:42] [INFO] [Banco de Dados] Operação de I/O concluída. 738 linhas persistidas com sucesso.
[2026-08-16 10:34:42] [INFO] [Simões Filho] [4/6] ✅ Simões Filho: 738 parcelas computadas.
[2026-08-16 10:34:42] [INFO] [Simões Filho] Ciclo encerrado. Tempo: 41.65s.
[2026-08-16 10:34:42] [INFO] ------------------------------------------------------------------------------------------
[2026-08-16 10:34:42] [INFO] [5/6] [FILIAL PERIPERI]
[2026-08-16 10:34:44] [INFO] Detectada tela de login. Autenticando `Daniel@ccaaperiperi`...
[2026-08-16 10:34:53] [INFO] Autenticado no Sponte para Daniel@ccaaperiperi
[2026-08-16 10:34:53] [INFO] [Periperi] Acessando módulo Financeiro...
[2026-08-16 10:34:59] [INFO] [Periperi] Marcando: [X] Pendentes e [X] Quitadas via Injeção JS
[2026-08-16 10:35:00] [INFO] [Periperi] Injetando corte de tempo: 01/11/2025
[2026-08-16 10:35:00] [INFO] [Periperi] Isolando categoria: 1. Mensalidades
[2026-08-16 10:35:00] [INFO] [Periperi] Forçando ativação da Exportação
[2026-08-16 10:35:02] [INFO] [Periperi] Disparando Botão de Visualização/Exportação
[2026-08-16 10:35:42] [INFO] [Periperi] Download finalizado: rec_Periperi.xlsx
[2026-08-16 10:35:42] [INFO] [Periperi] Artefato bruto: 948.32 KB
[2026-08-16 10:35:42] [INFO] [Periperi] Transferindo para ETL...
[2026-08-16 10:35:44] [INFO] [Periperi] ETL processou em 2.42s.
[2026-08-16 10:35:44] [INFO] [Banco de Dados] Preparando inserção de 3668 registros para a filial 'Periperi'.
[2026-08-16 10:35:44] [INFO] [Banco de Dados] Operação de I/O concluída. 3668 linhas persistidas com sucesso.
[2026-08-16 10:35:44] [INFO] [Periperi] [5/6] ✅ Periperi: 3668 parcelas computadas.
[2026-08-16 10:35:44] [INFO] [Periperi] Ciclo encerrado. Tempo: 62.81s.
[2026-08-16 10:35:44] [INFO] ------------------------------------------------------------------------------------------
[2026-08-16 10:35:44] [INFO] [6/6] [FILIAL CAJAZEIRAS]
[2026-08-16 10:35:47] [INFO] Detectada tela de login. Autenticando `Daniel@ccaacajazeiras`...
[2026-08-16 10:35:57] [INFO] Autenticado no Sponte para Daniel@ccaacajazeiras
[2026-08-16 10:35:57] [INFO] [Cajazeiras] Acessando módulo Financeiro...
[2026-08-16 10:36:02] [INFO] [Cajazeiras] Marcando: [X] Pendentes e [X] Quitadas via Injeção JS
[2026-08-16 10:36:03] [INFO] [Cajazeiras] Injetando corte de tempo: 01/11/2025
[2026-08-16 10:36:04] [INFO] [Cajazeiras] Isolando categoria: 1. Mensalidades
[2026-08-16 10:36:04] [INFO] [Cajazeiras] Forçando ativação da Exportação
[2026-08-16 10:36:05] [INFO] [Cajazeiras] Disparando Botão de Visualização/Exportação
[2026-08-16 10:36:30] [INFO] [Cajazeiras] Download finalizado: rec_Cajazeiras.xlsx
[2026-08-16 10:36:30] [INFO] [Cajazeiras] Artefato bruto: 516.40 KB
[2026-08-16 10:36:30] [INFO] [Cajazeiras] Transferindo para ETL...
[2026-08-16 10:36:31] [INFO] [Cajazeiras] ETL processou em 1.23s.
[2026-08-16 10:36:31] [INFO] [Banco de Dados] Preparando inserção de 1986 registros para a filial 'Cajazeiras'.
[2026-08-16 10:36:31] [INFO] [Banco de Dados] Operação de I/O concluída. 1986 linhas persistidas com sucesso.
[2026-08-16 10:36:31] [INFO] [Cajazeiras] [6/6] ✅ Cajazeiras: 1986 parcelas computadas.
[2026-08-16 10:36:31] [INFO] [Cajazeiras] Ciclo encerrado. Tempo: 46.92s.
[2026-08-16 10:36:32] [INFO] ==========================================================================================
[2026-08-16 10:36:32] [INFO] RESUMO GERAL | TEMPO: 297.58s
[2026-08-16 10:36:32] [INFO] Sucessos (6): Paralela, Matatu de Brotas, Iguatemi, Simões Filho, Periperi, Cajazeiras
[2026-08-16 10:36:32] [INFO] ==========================================================================================
[2026-08-16 10:50:04] [INFO] [Banco de Dados] Tabela 'recebiveis_auditados' dropada. O banco foi expurgado com sucesso.
