[2026-08-16 12:40:24] [INFO] ==========================================================================================
[2026-08-16 12:40:24] [INFO] INICIANDO SINCRONIZAÇÃO DE RECEITAS | OPERADOR: Daniel | ANO REF: 2026
[2026-08-16 12:40:24] [INFO] ==========================================================================================
[2026-08-16 12:40:24] [INFO] [Banco de Dados] Tabela 'recebiveis_auditados' dropada. O banco foi expurgado com sucesso.
[2026-08-16 12:40:24] [INFO] [SISTEMA] O banco de dados foi completamente expurgado.
[2026-08-16 12:40:27] [INFO] ------------------------------------------------------------------------------------------
[2026-08-16 12:40:27] [INFO] [1/6] [FILIAL PARALELA]
[2026-08-16 12:40:30] [INFO] Detectada tela de login. Autenticando `Daniel@ccaaparalela`...
[2026-08-16 12:40:35] [INFO] Autenticado no Sponte para Daniel@ccaaparalela
[2026-08-16 12:40:35] [INFO] [Paralela] Acessando módulo Financeiro...
[2026-08-16 12:40:35] [ERROR] [Paralela] Falha executando Paralela: Page.goto: net::ERR_ABORTED at https://www.sponteweb.com.br/SPRel/Financeiro/ContasReceber.aspx
Call log:
  - navigating to "https://www.sponteweb.com.br/SPRel/Financeiro/ContasReceber.aspx", waiting until "domcontentloaded"

[2026-08-16 12:40:35] [ERROR] Traceback (most recent call last):
  File "C:\Users\Vitor Daniel\Desktop\Codigos e Projetos\Rel-CCAA\core\rpa.py", line 291, in sincronizar_todas_as_unidades_sponte
    path_rec = extrair_contas_receber_unidade(page_unid, unidade, data_inicial_sp, logger, log_ui)
  File "C:\Users\Vitor Daniel\Desktop\Codigos e Projetos\Rel-CCAA\core\rpa.py", line 202, in extrair_contas_receber_unidade
    page.goto(URL_CONTAS_RECEBER, wait_until="domcontentloaded", timeout=60000)
    ~~~~~~~~~^^^^^^^^^^^^^^^^^^^^^^^^^^^^^^^^^^^^^^^^^^^^^^^^^^^^^^^^^^^^^^^^^^
  File "C:\Users\Vitor Daniel\AppData\Local\Programs\Python\Python313\Lib\site-packages\playwright\sync_api\_generated.py", line 9875, in goto
    self._sync(
    ~~~~~~~~~~^
        self._impl_obj.goto(
        ^^^^^^^^^^^^^^^^^^^^
    ...<4 lines>...
        )
        ^
    )
    ^
  File "C:\Users\Vitor Daniel\AppData\Local\Programs\Python\Python313\Lib\site-packages\playwright\_impl\_sync_base.py", line 115, in _sync
    return task.result()
           ~~~~~~~~~~~^^
  File "C:\Users\Vitor Daniel\AppData\Local\Programs\Python\Python313\Lib\site-packages\playwright\_impl\_page.py", line 560, in goto
    return await self._main_frame.goto(**locals_to_params(locals()))
           ^^^^^^^^^^^^^^^^^^^^^^^^^^^^^^^^^^^^^^^^^^^^^^^^^^^^^^^^^
  File "C:\Users\Vitor Daniel\AppData\Local\Programs\Python\Python313\Lib\site-packages\playwright\_impl\_frame.py", line 156, in goto
    await self._channel.send(
        "goto", self._navigation_timeout, locals_to_params(locals())
    )
  File "C:\Users\Vitor Daniel\AppData\Local\Programs\Python\Python313\Lib\site-packages\playwright\_impl\_connection.py", line 76, in send
    return await self._connection.wrap_api_call(
           ^^^^^^^^^^^^^^^^^^^^^^^^^^^^^^^^^^^^^
    ...<3 lines>...
    )
    ^
  File "C:\Users\Vitor Daniel\AppData\Local\Programs\Python\Python313\Lib\site-packages\playwright\_impl\_connection.py", line 632, in wrap_api_call
    raise rewrite_error(error, f"{parsed_st['apiName']}: {error}") from None
playwright._impl._errors.Error: Page.goto: net::ERR_ABORTED at https://www.sponteweb.com.br/SPRel/Financeiro/ContasReceber.aspx
Call log:
  - navigating to "https://www.sponteweb.com.br/SPRel/Financeiro/ContasReceber.aspx", waiting until "domcontentloaded"


[2026-08-16 12:40:35] [INFO] [Paralela] Ciclo encerrado. Tempo: 8.83s.
[2026-08-16 12:40:35] [INFO] ------------------------------------------------------------------------------------------
[2026-08-16 12:40:35] [INFO] [2/6] [FILIAL MATATU DE BROTAS]
[2026-08-16 12:40:38] [INFO] Detectada tela de login. Autenticando `Daniel@ccaamatatu`...
[2026-08-16 12:40:43] [INFO] Autenticado no Sponte para Daniel@ccaamatatu
[2026-08-16 12:40:43] [INFO] [Matatu de Brotas] Acessando módulo Financeiro...
[2026-08-16 12:40:43] [ERROR] [Matatu de Brotas] Falha executando Matatu de Brotas: Page.goto: Target page, context or browser has been closed
[2026-08-16 12:40:43] [ERROR] Traceback (most recent call last):
  File "C:\Users\Vitor Daniel\Desktop\Codigos e Projetos\Rel-CCAA\core\rpa.py", line 291, in sincronizar_todas_as_unidades_sponte
    path_rec = extrair_contas_receber_unidade(page_unid, unidade, data_inicial_sp, logger, log_ui)
  File "C:\Users\Vitor Daniel\Desktop\Codigos e Projetos\Rel-CCAA\core\rpa.py", line 202, in extrair_contas_receber_unidade
    page.goto(URL_CONTAS_RECEBER, wait_until="domcontentloaded", timeout=60000)
    ~~~~~~~~~^^^^^^^^^^^^^^^^^^^^^^^^^^^^^^^^^^^^^^^^^^^^^^^^^^^^^^^^^^^^^^^^^^
  File "C:\Users\Vitor Daniel\AppData\Local\Programs\Python\Python313\Lib\site-packages\playwright\sync_api\_generated.py", line 9875, in goto
    self._sync(
    ~~~~~~~~~~^
        self._impl_obj.goto(
        ^^^^^^^^^^^^^^^^^^^^
    ...<4 lines>...
        )
        ^
    )
    ^
  File "C:\Users\Vitor Daniel\AppData\Local\Programs\Python\Python313\Lib\site-packages\playwright\_impl\_sync_base.py", line 115, in _sync
    return task.result()
           ~~~~~~~~~~~^^
  File "C:\Users\Vitor Daniel\AppData\Local\Programs\Python\Python313\Lib\site-packages\playwright\_impl\_page.py", line 560, in goto
    return await self._main_frame.goto(**locals_to_params(locals()))
           ^^^^^^^^^^^^^^^^^^^^^^^^^^^^^^^^^^^^^^^^^^^^^^^^^^^^^^^^^
  File "C:\Users\Vitor Daniel\AppData\Local\Programs\Python\Python313\Lib\site-packages\playwright\_impl\_frame.py", line 156, in goto
    await self._channel.send(
        "goto", self._navigation_timeout, locals_to_params(locals())
    )
  File "C:\Users\Vitor Daniel\AppData\Local\Programs\Python\Python313\Lib\site-packages\playwright\_impl\_connection.py", line 76, in send
    return await self._connection.wrap_api_call(
           ^^^^^^^^^^^^^^^^^^^^^^^^^^^^^^^^^^^^^
    ...<3 lines>...
    )
    ^
  File "C:\Users\Vitor Daniel\AppData\Local\Programs\Python\Python313\Lib\site-packages\playwright\_impl\_connection.py", line 632, in wrap_api_call
    raise rewrite_error(error, f"{parsed_st['apiName']}: {error}") from None
playwright._impl._errors.TargetClosedError: Page.goto: Target page, context or browser has been closed

[2026-08-16 12:40:43] [INFO] [Matatu de Brotas] Ciclo encerrado. Tempo: 7.81s.
[2026-08-16 12:40:43] [INFO] ------------------------------------------------------------------------------------------
[2026-08-16 12:40:43] [INFO] [3/6] [FILIAL IGUATEMI]
[2026-08-16 12:40:45] [ERROR] [Iguatemi] Falha executando Iguatemi: Page.goto: net::ERR_ABORTED; maybe frame was detached?
Call log:
  - navigating to "https://www.sponteweb.com.br/SPRel/Financeiro/ContasReceber.aspx", waiting until "domcontentloaded"

[2026-08-16 12:40:45] [ERROR] Traceback (most recent call last):
  File "C:\Users\Vitor Daniel\Desktop\Codigos e Projetos\Rel-CCAA\core\rpa.py", line 288, in sincronizar_todas_as_unidades_sponte
    page_unid.goto(URL_CONTAS_RECEBER, wait_until="domcontentloaded", timeout=60000)
    ~~~~~~~~~~~~~~^^^^^^^^^^^^^^^^^^^^^^^^^^^^^^^^^^^^^^^^^^^^^^^^^^^^^^^^^^^^^^^^^^
  File "C:\Users\Vitor Daniel\AppData\Local\Programs\Python\Python313\Lib\site-packages\playwright\sync_api\_generated.py", line 9875, in goto
    self._sync(
    ~~~~~~~~~~^
        self._impl_obj.goto(
        ^^^^^^^^^^^^^^^^^^^^
    ...<4 lines>...
        )
        ^
    )
    ^
  File "C:\Users\Vitor Daniel\AppData\Local\Programs\Python\Python313\Lib\site-packages\playwright\_impl\_sync_base.py", line 115, in _sync
    return task.result()
           ~~~~~~~~~~~^^
  File "C:\Users\Vitor Daniel\AppData\Local\Programs\Python\Python313\Lib\site-packages\playwright\_impl\_page.py", line 560, in goto
    return await self._main_frame.goto(**locals_to_params(locals()))
           ^^^^^^^^^^^^^^^^^^^^^^^^^^^^^^^^^^^^^^^^^^^^^^^^^^^^^^^^^
  File "C:\Users\Vitor Daniel\AppData\Local\Programs\Python\Python313\Lib\site-packages\playwright\_impl\_frame.py", line 156, in goto
    await self._channel.send(
        "goto", self._navigation_timeout, locals_to_params(locals())
    )
  File "C:\Users\Vitor Daniel\AppData\Local\Programs\Python\Python313\Lib\site-packages\playwright\_impl\_connection.py", line 76, in send
    return await self._connection.wrap_api_call(
           ^^^^^^^^^^^^^^^^^^^^^^^^^^^^^^^^^^^^^
    ...<3 lines>...
    )
    ^
  File "C:\Users\Vitor Daniel\AppData\Local\Programs\Python\Python313\Lib\site-packages\playwright\_impl\_connection.py", line 632, in wrap_api_call
    raise rewrite_error(error, f"{parsed_st['apiName']}: {error}") from None
playwright._impl._errors.Error: Page.goto: net::ERR_ABORTED; maybe frame was detached?
Call log:
  - navigating to "https://www.sponteweb.com.br/SPRel/Financeiro/ContasReceber.aspx", waiting until "domcontentloaded"


[2026-08-16 12:40:45] [INFO] [Iguatemi] Ciclo encerrado. Tempo: 1.51s.
[2026-08-16 12:40:45] [INFO] ------------------------------------------------------------------------------------------
[2026-08-16 12:40:45] [INFO] [4/6] [FILIAL SIMÕES FILHO]
[2026-08-16 12:40:46] [ERROR] [Simões Filho] Falha executando Simões Filho: Page.goto: net::ERR_ABORTED; maybe frame was detached?
Call log:
  - navigating to "https://www.sponteweb.com.br/SPRel/Financeiro/ContasReceber.aspx", waiting until "domcontentloaded"

[2026-08-16 12:40:46] [ERROR] Traceback (most recent call last):
  File "C:\Users\Vitor Daniel\Desktop\Codigos e Projetos\Rel-CCAA\core\rpa.py", line 288, in sincronizar_todas_as_unidades_sponte
    page_unid.goto(URL_CONTAS_RECEBER, wait_until="domcontentloaded", timeout=60000)
    ~~~~~~~~~~~~~~^^^^^^^^^^^^^^^^^^^^^^^^^^^^^^^^^^^^^^^^^^^^^^^^^^^^^^^^^^^^^^^^^^
  File "C:\Users\Vitor Daniel\AppData\Local\Programs\Python\Python313\Lib\site-packages\playwright\sync_api\_generated.py", line 9875, in goto
    self._sync(
    ~~~~~~~~~~^
        self._impl_obj.goto(
        ^^^^^^^^^^^^^^^^^^^^
    ...<4 lines>...
        )
        ^
    )
    ^
  File "C:\Users\Vitor Daniel\AppData\Local\Programs\Python\Python313\Lib\site-packages\playwright\_impl\_sync_base.py", line 115, in _sync
    return task.result()
           ~~~~~~~~~~~^^
  File "C:\Users\Vitor Daniel\AppData\Local\Programs\Python\Python313\Lib\site-packages\playwright\_impl\_page.py", line 560, in goto
    return await self._main_frame.goto(**locals_to_params(locals()))
           ^^^^^^^^^^^^^^^^^^^^^^^^^^^^^^^^^^^^^^^^^^^^^^^^^^^^^^^^^
  File "C:\Users\Vitor Daniel\AppData\Local\Programs\Python\Python313\Lib\site-packages\playwright\_impl\_frame.py", line 156, in goto
    await self._channel.send(
        "goto", self._navigation_timeout, locals_to_params(locals())
    )
  File "C:\Users\Vitor Daniel\AppData\Local\Programs\Python\Python313\Lib\site-packages\playwright\_impl\_connection.py", line 76, in send
    return await self._connection.wrap_api_call(
           ^^^^^^^^^^^^^^^^^^^^^^^^^^^^^^^^^^^^^
    ...<3 lines>...
    )
    ^
  File "C:\Users\Vitor Daniel\AppData\Local\Programs\Python\Python313\Lib\site-packages\playwright\_impl\_connection.py", line 632, in wrap_api_call
    raise rewrite_error(error, f"{parsed_st['apiName']}: {error}") from None
playwright._impl._errors.Error: Page.goto: net::ERR_ABORTED; maybe frame was detached?
Call log:
  - navigating to "https://www.sponteweb.com.br/SPRel/Financeiro/ContasReceber.aspx", waiting until "domcontentloaded"


[2026-08-16 12:40:46] [INFO] [Simões Filho] Ciclo encerrado. Tempo: 0.95s.
[2026-08-16 12:40:46] [INFO] ------------------------------------------------------------------------------------------
[2026-08-16 12:40:46] [INFO] [5/6] [FILIAL PERIPERI]
[2026-08-16 12:40:47] [ERROR] [Periperi] Falha executando Periperi: Page.goto: net::ERR_ABORTED; maybe frame was detached?
Call log:
  - navigating to "https://www.sponteweb.com.br/SPRel/Financeiro/ContasReceber.aspx", waiting until "domcontentloaded"

[2026-08-16 12:40:47] [ERROR] Traceback (most recent call last):
  File "C:\Users\Vitor Daniel\Desktop\Codigos e Projetos\Rel-CCAA\core\rpa.py", line 288, in sincronizar_todas_as_unidades_sponte
    page_unid.goto(URL_CONTAS_RECEBER, wait_until="domcontentloaded", timeout=60000)
    ~~~~~~~~~~~~~~^^^^^^^^^^^^^^^^^^^^^^^^^^^^^^^^^^^^^^^^^^^^^^^^^^^^^^^^^^^^^^^^^^
  File "C:\Users\Vitor Daniel\AppData\Local\Programs\Python\Python313\Lib\site-packages\playwright\sync_api\_generated.py", line 9875, in goto
    self._sync(
    ~~~~~~~~~~^
        self._impl_obj.goto(
        ^^^^^^^^^^^^^^^^^^^^
    ...<4 lines>...
        )
        ^
    )
    ^
  File "C:\Users\Vitor Daniel\AppData\Local\Programs\Python\Python313\Lib\site-packages\playwright\_impl\_sync_base.py", line 115, in _sync
    return task.result()
           ~~~~~~~~~~~^^
  File "C:\Users\Vitor Daniel\AppData\Local\Programs\Python\Python313\Lib\site-packages\playwright\_impl\_page.py", line 560, in goto
    return await self._main_frame.goto(**locals_to_params(locals()))
           ^^^^^^^^^^^^^^^^^^^^^^^^^^^^^^^^^^^^^^^^^^^^^^^^^^^^^^^^^
  File "C:\Users\Vitor Daniel\AppData\Local\Programs\Python\Python313\Lib\site-packages\playwright\_impl\_frame.py", line 156, in goto
    await self._channel.send(
        "goto", self._navigation_timeout, locals_to_params(locals())
    )
  File "C:\Users\Vitor Daniel\AppData\Local\Programs\Python\Python313\Lib\site-packages\playwright\_impl\_connection.py", line 76, in send
    return await self._connection.wrap_api_call(
           ^^^^^^^^^^^^^^^^^^^^^^^^^^^^^^^^^^^^^
    ...<3 lines>...
    )
    ^
  File "C:\Users\Vitor Daniel\AppData\Local\Programs\Python\Python313\Lib\site-packages\playwright\_impl\_connection.py", line 632, in wrap_api_call
    raise rewrite_error(error, f"{parsed_st['apiName']}: {error}") from None
playwright._impl._errors.Error: Page.goto: net::ERR_ABORTED; maybe frame was detached?
Call log:
  - navigating to "https://www.sponteweb.com.br/SPRel/Financeiro/ContasReceber.aspx", waiting until "domcontentloaded"


[2026-08-16 12:40:47] [INFO] [Periperi] Ciclo encerrado. Tempo: 0.97s.
[2026-08-16 12:40:47] [INFO] ------------------------------------------------------------------------------------------
[2026-08-16 12:40:47] [INFO] [6/6] [FILIAL CAJAZEIRAS]
[2026-08-16 12:40:48] [ERROR] [Cajazeiras] Falha executando Cajazeiras: Page.goto: net::ERR_ABORTED; maybe frame was detached?
Call log:
  - navigating to "https://www.sponteweb.com.br/SPRel/Financeiro/ContasReceber.aspx", waiting until "domcontentloaded"

[2026-08-16 12:40:48] [ERROR] Traceback (most recent call last):
  File "C:\Users\Vitor Daniel\Desktop\Codigos e Projetos\Rel-CCAA\core\rpa.py", line 288, in sincronizar_todas_as_unidades_sponte
    page_unid.goto(URL_CONTAS_RECEBER, wait_until="domcontentloaded", timeout=60000)
    ~~~~~~~~~~~~~~^^^^^^^^^^^^^^^^^^^^^^^^^^^^^^^^^^^^^^^^^^^^^^^^^^^^^^^^^^^^^^^^^^
  File "C:\Users\Vitor Daniel\AppData\Local\Programs\Python\Python313\Lib\site-packages\playwright\sync_api\_generated.py", line 9875, in goto
    self._sync(
    ~~~~~~~~~~^
        self._impl_obj.goto(
        ^^^^^^^^^^^^^^^^^^^^
    ...<4 lines>...
        )
        ^
    )
    ^
  File "C:\Users\Vitor Daniel\AppData\Local\Programs\Python\Python313\Lib\site-packages\playwright\_impl\_sync_base.py", line 115, in _sync
    return task.result()
           ~~~~~~~~~~~^^
  File "C:\Users\Vitor Daniel\AppData\Local\Programs\Python\Python313\Lib\site-packages\playwright\_impl\_page.py", line 560, in goto
    return await self._main_frame.goto(**locals_to_params(locals()))
           ^^^^^^^^^^^^^^^^^^^^^^^^^^^^^^^^^^^^^^^^^^^^^^^^^^^^^^^^^
  File "C:\Users\Vitor Daniel\AppData\Local\Programs\Python\Python313\Lib\site-packages\playwright\_impl\_frame.py", line 156, in goto
    await self._channel.send(
        "goto", self._navigation_timeout, locals_to_params(locals())
    )
  File "C:\Users\Vitor Daniel\AppData\Local\Programs\Python\Python313\Lib\site-packages\playwright\_impl\_connection.py", line 76, in send
    return await self._connection.wrap_api_call(
           ^^^^^^^^^^^^^^^^^^^^^^^^^^^^^^^^^^^^^
    ...<3 lines>...
    )
    ^
  File "C:\Users\Vitor Daniel\AppData\Local\Programs\Python\Python313\Lib\site-packages\playwright\_impl\_connection.py", line 632, in wrap_api_call
    raise rewrite_error(error, f"{parsed_st['apiName']}: {error}") from None
playwright._impl._errors.Error: Page.goto: net::ERR_ABORTED; maybe frame was detached?
Call log:
  - navigating to "https://www.sponteweb.com.br/SPRel/Financeiro/ContasReceber.aspx", waiting until "domcontentloaded"


[2026-08-16 12:40:48] [INFO] [Cajazeiras] Ciclo encerrado. Tempo: 1.11s.
[2026-08-16 12:40:48] [INFO] ==========================================================================================
[2026-08-16 12:40:48] [INFO] RESUMO GERAL | TEMPO: 24.40s
[2026-08-16 12:40:48] [INFO] Sucessos (0): Nenhum
[2026-08-16 12:40:48] [ERROR] Falhas (6): ['Paralela', 'Matatu de Brotas', 'Iguatemi', 'Simões Filho', 'Periperi', 'Cajazeiras']
[2026-08-16 12:40:48] [INFO] ==========================================================================================
