[2026-08-16 12:27:44] [INFO] ==========================================================================================
[2026-08-16 12:27:44] [INFO] INICIANDO SINCRONIZAÇÃO DE RECEITAS | OPERADOR: Daniel | ANO REF: 2026
[2026-08-16 12:27:44] [INFO] ==========================================================================================
[2026-08-16 12:27:44] [INFO] [Banco de Dados] Tabela 'recebiveis_auditados' dropada. O banco foi expurgado com sucesso.
[2026-08-16 12:27:44] [INFO] [SISTEMA] O banco de dados foi completamente expurgado.
[2026-08-16 12:27:45] [INFO] ------------------------------------------------------------------------------------------
[2026-08-16 12:27:45] [INFO] [1/6] [FILIAL PARALELA]
[2026-08-16 12:27:51] [INFO] Detectada tela de login. Autenticando `Daniel@ccaaparalela`...
[2026-08-16 12:27:56] [INFO] Autenticado no Sponte para Daniel@ccaaparalela
[2026-08-16 12:27:56] [INFO] [Paralela] Acessando módulo Financeiro...
[2026-08-16 12:28:01] [INFO] [Paralela] Marcando: [X] Pendentes e [X] Quitadas via Injeção JS
[2026-08-16 12:28:02] [INFO] [Paralela] Injetando corte de tempo: 01/11/2025
[2026-08-16 12:28:02] [INFO] [Paralela] Isolando categoria: 1. Mensalidades
[2026-08-16 12:28:03] [INFO] [Paralela] Forçando ativação da Exportação
[2026-08-16 12:28:04] [INFO] [Paralela] Disparando Botão de Visualização/Exportação
[2026-08-16 12:30:04] [ERROR] [Paralela] Falha executando Paralela: Timeout 120000ms exceeded while waiting for event "download"
=========================== logs ===========================
waiting for event "download"
============================================================
[2026-08-16 12:30:04] [ERROR] Traceback (most recent call last):
  File "C:\Users\Vitor Daniel\Desktop\Codigos e Projetos\Rel-CCAA\core\rpa.py", line 291, in sincronizar_todas_as_unidades_sponte
    path_rec = extrair_contas_receber_unidade(page_unid, unidade, data_inicial_sp, logger, log_ui)
  File "C:\Users\Vitor Daniel\Desktop\Codigos e Projetos\Rel-CCAA\core\rpa.py", line 233, in extrair_contas_receber_unidade
    with page.expect_download(timeout=120000) as download_info:
         ~~~~~~~~~~~~~~~~~~~~^^^^^^^^^^^^^^^^
  File "C:\Users\Vitor Daniel\AppData\Local\Programs\Python\Python313\Lib\site-packages\playwright\_impl\_sync_base.py", line 85, in __exit__
    self._event.value
  File "C:\Users\Vitor Daniel\AppData\Local\Programs\Python\Python313\Lib\site-packages\playwright\_impl\_sync_base.py", line 59, in value
    raise exception
playwright._impl._errors.TimeoutError: Timeout 120000ms exceeded while waiting for event "download"
=========================== logs ===========================
waiting for event "download"
============================================================

[2026-08-16 12:30:04] [INFO] [Paralela] Ciclo encerrado. Tempo: 139.14s.
[2026-08-16 12:30:04] [INFO] ------------------------------------------------------------------------------------------
[2026-08-16 12:30:04] [INFO] [2/6] [FILIAL MATATU DE BROTAS]
[2026-08-16 12:30:06] [INFO] Detectada tela de login. Autenticando `Daniel@ccaamatatu`...
[2026-08-16 12:30:11] [INFO] Autenticado no Sponte para Daniel@ccaamatatu
[2026-08-16 12:30:11] [INFO] [Matatu de Brotas] Acessando módulo Financeiro...
[2026-08-16 12:30:17] [INFO] [Matatu de Brotas] Marcando: [X] Pendentes e [X] Quitadas via Injeção JS
[2026-08-16 12:30:17] [INFO] [Matatu de Brotas] Injetando corte de tempo: 01/11/2025
[2026-08-16 12:30:17] [INFO] [Matatu de Brotas] Isolando categoria: 1. Mensalidades
[2026-08-16 12:30:18] [INFO] [Matatu de Brotas] Forçando ativação da Exportação
[2026-08-16 12:30:19] [INFO] [Matatu de Brotas] Disparando Botão de Visualização/Exportação
[2026-08-16 12:32:19] [ERROR] [Matatu de Brotas] Falha executando Matatu de Brotas: Timeout 120000ms exceeded while waiting for event "download"
=========================== logs ===========================
waiting for event "download"
============================================================
[2026-08-16 12:32:19] [ERROR] Traceback (most recent call last):
  File "C:\Users\Vitor Daniel\Desktop\Codigos e Projetos\Rel-CCAA\core\rpa.py", line 291, in sincronizar_todas_as_unidades_sponte
    path_rec = extrair_contas_receber_unidade(page_unid, unidade, data_inicial_sp, logger, log_ui)
  File "C:\Users\Vitor Daniel\Desktop\Codigos e Projetos\Rel-CCAA\core\rpa.py", line 233, in extrair_contas_receber_unidade
    with page.expect_download(timeout=120000) as download_info:
         ~~~~~~~~~~~~~~~~~~~~^^^^^^^^^^^^^^^^
  File "C:\Users\Vitor Daniel\AppData\Local\Programs\Python\Python313\Lib\site-packages\playwright\_impl\_sync_base.py", line 85, in __exit__
    self._event.value
  File "C:\Users\Vitor Daniel\AppData\Local\Programs\Python\Python313\Lib\site-packages\playwright\_impl\_sync_base.py", line 59, in value
    raise exception
playwright._impl._errors.TimeoutError: Timeout 120000ms exceeded while waiting for event "download"
=========================== logs ===========================
waiting for event "download"
============================================================

[2026-08-16 12:32:19] [INFO] [Matatu de Brotas] Ciclo encerrado. Tempo: 135.11s.
[2026-08-16 12:32:19] [INFO] ------------------------------------------------------------------------------------------
[2026-08-16 12:32:19] [INFO] [3/6] [FILIAL IGUATEMI]
[2026-08-16 12:32:22] [INFO] Detectada tela de login. Autenticando `Daniel@ccaaiguatemi`...
[2026-08-16 12:32:27] [INFO] Autenticado no Sponte para Daniel@ccaaiguatemi
[2026-08-16 12:32:27] [INFO] [Iguatemi] Acessando módulo Financeiro...
[2026-08-16 12:32:32] [INFO] [Iguatemi] Marcando: [X] Pendentes e [X] Quitadas via Injeção JS
[2026-08-16 12:32:33] [INFO] [Iguatemi] Injetando corte de tempo: 01/11/2025
[2026-08-16 12:32:33] [INFO] [Iguatemi] Isolando categoria: 1. Mensalidades
[2026-08-16 12:32:33] [INFO] [Iguatemi] Forçando ativação da Exportação
[2026-08-16 12:32:34] [INFO] [Iguatemi] Disparando Botão de Visualização/Exportação
[2026-08-16 12:34:34] [ERROR] [Iguatemi] Falha executando Iguatemi: Timeout 120000ms exceeded while waiting for event "download"
=========================== logs ===========================
waiting for event "download"
============================================================
[2026-08-16 12:34:34] [ERROR] Traceback (most recent call last):
  File "C:\Users\Vitor Daniel\Desktop\Codigos e Projetos\Rel-CCAA\core\rpa.py", line 291, in sincronizar_todas_as_unidades_sponte
    path_rec = extrair_contas_receber_unidade(page_unid, unidade, data_inicial_sp, logger, log_ui)
  File "C:\Users\Vitor Daniel\Desktop\Codigos e Projetos\Rel-CCAA\core\rpa.py", line 233, in extrair_contas_receber_unidade
    with page.expect_download(timeout=120000) as download_info:
         ~~~~~~~~~~~~~~~~~~~~^^^^^^^^^^^^^^^^
  File "C:\Users\Vitor Daniel\AppData\Local\Programs\Python\Python313\Lib\site-packages\playwright\_impl\_sync_base.py", line 85, in __exit__
    self._event.value
  File "C:\Users\Vitor Daniel\AppData\Local\Programs\Python\Python313\Lib\site-packages\playwright\_impl\_sync_base.py", line 59, in value
    raise exception
playwright._impl._errors.TimeoutError: Timeout 120000ms exceeded while waiting for event "download"
=========================== logs ===========================
waiting for event "download"
============================================================

[2026-08-16 12:34:34] [INFO] [Iguatemi] Ciclo encerrado. Tempo: 135.28s.
[2026-08-16 12:34:34] [INFO] ------------------------------------------------------------------------------------------
[2026-08-16 12:34:34] [INFO] [4/6] [FILIAL SIMÕES FILHO]
[2026-08-16 12:34:37] [INFO] Detectada tela de login. Autenticando `Daniel@ccaasimoesfilho`...
[2026-08-16 12:34:42] [INFO] Autenticado no Sponte para Daniel@ccaasimoesfilho
[2026-08-16 12:34:42] [INFO] [Simões Filho] Acessando módulo Financeiro...
[2026-08-16 12:34:48] [INFO] [Simões Filho] Marcando: [X] Pendentes e [X] Quitadas via Injeção JS
[2026-08-16 12:34:48] [INFO] [Simões Filho] Injetando corte de tempo: 01/11/2025
[2026-08-16 12:34:48] [INFO] [Simões Filho] Isolando categoria: 1. Mensalidades
[2026-08-16 12:34:49] [INFO] [Simões Filho] Forçando ativação da Exportação
[2026-08-16 12:34:50] [INFO] [Simões Filho] Disparando Botão de Visualização/Exportação
[2026-08-16 12:36:50] [ERROR] [Simões Filho] Falha executando Simões Filho: Timeout 120000ms exceeded while waiting for event "download"
=========================== logs ===========================
waiting for event "download"
============================================================
[2026-08-16 12:36:50] [ERROR] Traceback (most recent call last):
  File "C:\Users\Vitor Daniel\Desktop\Codigos e Projetos\Rel-CCAA\core\rpa.py", line 291, in sincronizar_todas_as_unidades_sponte
    path_rec = extrair_contas_receber_unidade(page_unid, unidade, data_inicial_sp, logger, log_ui)
  File "C:\Users\Vitor Daniel\Desktop\Codigos e Projetos\Rel-CCAA\core\rpa.py", line 233, in extrair_contas_receber_unidade
    with page.expect_download(timeout=120000) as download_info:
         ~~~~~~~~~~~~~~~~~~~~^^^^^^^^^^^^^^^^
  File "C:\Users\Vitor Daniel\AppData\Local\Programs\Python\Python313\Lib\site-packages\playwright\_impl\_sync_base.py", line 85, in __exit__
    self._event.value
  File "C:\Users\Vitor Daniel\AppData\Local\Programs\Python\Python313\Lib\site-packages\playwright\_impl\_sync_base.py", line 59, in value
    raise exception
playwright._impl._errors.TimeoutError: Timeout 120000ms exceeded while waiting for event "download"
=========================== logs ===========================
waiting for event "download"
============================================================

[2026-08-16 12:36:50] [INFO] [Simões Filho] Ciclo encerrado. Tempo: 135.68s.
[2026-08-16 12:36:50] [INFO] ------------------------------------------------------------------------------------------
[2026-08-16 12:36:50] [INFO] [5/6] [FILIAL PERIPERI]
[2026-08-16 12:36:53] [INFO] Detectada tela de login. Autenticando `Daniel@ccaaperiperi`...
[2026-08-16 12:36:58] [INFO] Autenticado no Sponte para Daniel@ccaaperiperi
[2026-08-16 12:36:58] [INFO] [Periperi] Acessando módulo Financeiro...
[2026-08-16 12:37:04] [INFO] [Periperi] Marcando: [X] Pendentes e [X] Quitadas via Injeção JS
[2026-08-16 12:37:04] [INFO] [Periperi] Injetando corte de tempo: 01/11/2025
[2026-08-16 12:37:04] [INFO] [Periperi] Isolando categoria: 1. Mensalidades
[2026-08-16 12:37:05] [INFO] [Periperi] Forçando ativação da Exportação
[2026-08-16 12:37:06] [INFO] [Periperi] Disparando Botão de Visualização/Exportação
[2026-08-16 12:39:06] [ERROR] [Periperi] Falha executando Periperi: Timeout 120000ms exceeded while waiting for event "download"
=========================== logs ===========================
waiting for event "download"
============================================================
[2026-08-16 12:39:06] [ERROR] Traceback (most recent call last):
  File "C:\Users\Vitor Daniel\Desktop\Codigos e Projetos\Rel-CCAA\core\rpa.py", line 291, in sincronizar_todas_as_unidades_sponte
    path_rec = extrair_contas_receber_unidade(page_unid, unidade, data_inicial_sp, logger, log_ui)
  File "C:\Users\Vitor Daniel\Desktop\Codigos e Projetos\Rel-CCAA\core\rpa.py", line 233, in extrair_contas_receber_unidade
    with page.expect_download(timeout=120000) as download_info:
         ~~~~~~~~~~~~~~~~~~~~^^^^^^^^^^^^^^^^
  File "C:\Users\Vitor Daniel\AppData\Local\Programs\Python\Python313\Lib\site-packages\playwright\_impl\_sync_base.py", line 85, in __exit__
    self._event.value
  File "C:\Users\Vitor Daniel\AppData\Local\Programs\Python\Python313\Lib\site-packages\playwright\_impl\_sync_base.py", line 59, in value
    raise exception
playwright._impl._errors.TimeoutError: Timeout 120000ms exceeded while waiting for event "download"
=========================== logs ===========================
waiting for event "download"
============================================================

[2026-08-16 12:39:06] [INFO] [Periperi] Ciclo encerrado. Tempo: 136.13s.
[2026-08-16 12:39:06] [INFO] ------------------------------------------------------------------------------------------
[2026-08-16 12:39:06] [INFO] [6/6] [FILIAL CAJAZEIRAS]
[2026-08-16 12:39:09] [INFO] Detectada tela de login. Autenticando `Daniel@ccaacajazeiras`...
[2026-08-16 12:39:14] [INFO] Autenticado no Sponte para Daniel@ccaacajazeiras
[2026-08-16 12:39:14] [INFO] [Cajazeiras] Acessando módulo Financeiro...
[2026-08-16 12:39:19] [INFO] [Cajazeiras] Marcando: [X] Pendentes e [X] Quitadas via Injeção JS
[2026-08-16 12:39:20] [INFO] [Cajazeiras] Injetando corte de tempo: 01/11/2025
[2026-08-16 12:39:20] [INFO] [Cajazeiras] Isolando categoria: 1. Mensalidades
[2026-08-16 12:39:20] [INFO] [Cajazeiras] Forçando ativação da Exportação
[2026-08-16 12:39:22] [INFO] [Cajazeiras] Disparando Botão de Visualização/Exportação
