[19:55:46] [INFO] ==========================================================================================
[19:55:46] [INFO] INICIANDO SINCRONIZAÇÃO DE RECEITAS | OPERADOR: Daniel | ANO REF: 2026
[19:55:46] [INFO] ==========================================================================================
[19:55:46] [INFO] [Banco de Dados] Tabela 'recebiveis_auditados' dropada. O banco foi expurgado com sucesso.
[19:55:46] [INFO] [SISTEMA] O banco de dados foi completamente expurgado.
[19:55:48] [INFO] ------------------------------------------------------------------------------------------
[19:55:48] [INFO] [1/6] [FILIAL PARALELA]
[19:55:57] [INFO] Detectada tela de login. Autenticando `Daniel@ccaaparalela`...
[19:56:09] [INFO] Autenticado no Sponte para Daniel@ccaaparalela
[19:56:09] [INFO] [Paralela] Acessando módulo Financeiro...
[19:56:17] [INFO] [Paralela] Marcando: [X] Pendentes e [X] Quitadas via Injeção JS
[19:56:17] [INFO] [Paralela] Injetando corte de tempo: 01/11/2025
[19:56:18] [INFO] [Paralela] Isolando categoria: 1. Mensalidades
[19:56:18] [INFO] [Paralela] Forçando ativação da Exportação
[19:56:20] [INFO] [Paralela] Disparando Botão de Visualização/Exportação
[19:56:48] [INFO] [Paralela] Download finalizado: rec_Paralela.xlsx
[19:56:48] [INFO] [Paralela] Artefato bruto: 537.56 KB
[19:56:48] [INFO] [Paralela] Transferindo para ETL...
[19:56:50] [INFO] [Paralela] ETL processou em 1.70s.
[19:56:50] [INFO] [Banco de Dados] Preparando inserção de 2027 registros para a filial 'Paralela'.
[19:56:50] [INFO] [Banco de Dados] Operação de I/O concluída. 2027 linhas persistidas com sucesso.
[19:56:50] [INFO] [Paralela] [1/6] ✅ Paralela: 2027 parcelas computadas.
[19:56:50] [INFO] [Paralela] Ciclo encerrado. Tempo: 61.70s.
[19:56:50] [INFO] ------------------------------------------------------------------------------------------
[19:56:50] [INFO] [2/6] [FILIAL MATATU DE BROTAS]
[19:56:52] [INFO] Detectada tela de login. Autenticando `Daniel@ccaamatatu`...
[19:57:02] [INFO] Autenticado no Sponte para Daniel@ccaamatatu
[19:57:02] [INFO] [Matatu de Brotas] Acessando módulo Financeiro...
[19:57:08] [INFO] [Matatu de Brotas] Marcando: [X] Pendentes e [X] Quitadas via Injeção JS
[19:57:09] [INFO] [Matatu de Brotas] Injetando corte de tempo: 01/11/2025
[19:57:09] [INFO] [Matatu de Brotas] Isolando categoria: 1. Mensalidades
[19:57:09] [INFO] [Matatu de Brotas] Forçando ativação da Exportação
[19:57:11] [INFO] [Matatu de Brotas] Disparando Botão de Visualização/Exportação
[19:57:37] [INFO] [Matatu de Brotas] Download finalizado: rec_Matatu de Brotas.xlsx
[19:57:37] [INFO] [Matatu de Brotas] Artefato bruto: 560.67 KB
[19:57:37] [INFO] [Matatu de Brotas] Transferindo para ETL...
[19:57:39] [INFO] [Matatu de Brotas] ETL processou em 2.10s.
[19:57:39] [INFO] [Banco de Dados] Preparando inserção de 2216 registros para a filial 'Matatu de Brotas'.
[19:57:39] [INFO] [Banco de Dados] Operação de I/O concluída. 2216 linhas persistidas com sucesso.
[19:57:39] [INFO] [Matatu de Brotas] [2/6] ✅ Matatu de Brotas: 2216 parcelas computadas.
[19:57:39] [INFO] [Matatu de Brotas] Ciclo encerrado. Tempo: 49.49s.
[19:57:39] [INFO] ------------------------------------------------------------------------------------------
[19:57:39] [INFO] [3/6] [FILIAL IGUATEMI]
[19:57:43] [INFO] Detectada tela de login. Autenticando `Daniel@ccaaiguatemi`...
[19:57:59] [INFO] Autenticado no Sponte para Daniel@ccaaiguatemi
[19:57:59] [INFO] [Iguatemi] Acessando módulo Financeiro...
[19:58:07] [INFO] [Iguatemi] Marcando: [X] Pendentes e [X] Quitadas via Injeção JS
[19:58:08] [INFO] [Iguatemi] Injetando corte de tempo: 01/11/2025
[19:58:09] [INFO] [Iguatemi] Isolando categoria: 1. Mensalidades
[19:58:09] [INFO] [Iguatemi] Forçando ativação da Exportação
[19:58:10] [INFO] [Iguatemi] Disparando Botão de Visualização/Exportação
[19:58:36] [INFO] [Iguatemi] Download finalizado: rec_Iguatemi_1787180316.xlsx
[19:58:36] [INFO] [Iguatemi] Artefato bruto: 500.56 KB
[19:58:36] [INFO] [Iguatemi] Transferindo para ETL...
[19:58:37] [INFO] [Iguatemi] ETL processou em 1.06s.
[19:58:37] [INFO] [Banco de Dados] Preparando inserção de 1919 registros para a filial 'Iguatemi'.
[19:58:37] [INFO] [Banco de Dados] Operação de I/O concluída. 1919 linhas persistidas com sucesso.
[19:58:37] [INFO] [Iguatemi] [3/6] ✅ Iguatemi: 1919 parcelas computadas.
[19:58:37] [INFO] [Iguatemi] Ciclo encerrado. Tempo: 58.00s.
[19:58:37] [INFO] ------------------------------------------------------------------------------------------
[19:58:37] [INFO] [4/6] [FILIAL SIMÕES FILHO]
[19:58:40] [INFO] Detectada tela de login. Autenticando `Daniel@ccaasimoesfilho`...
[19:58:51] [INFO] Autenticado no Sponte para Daniel@ccaasimoesfilho
[19:58:51] [INFO] [Simões Filho] Acessando módulo Financeiro...
[19:58:58] [INFO] [Simões Filho] Marcando: [X] Pendentes e [X] Quitadas via Injeção JS
[19:58:58] [INFO] [Simões Filho] Injetando corte de tempo: 01/11/2025
[19:58:59] [INFO] [Simões Filho] Isolando categoria: 1. Mensalidades
[19:58:59] [INFO] [Simões Filho] Forçando ativação da Exportação
[19:59:00] [INFO] [Simões Filho] Disparando Botão de Visualização/Exportação
[19:59:15] [INFO] [Simões Filho] Download finalizado: rec_Simões Filho.xlsx
[19:59:15] [INFO] [Simões Filho] Artefato bruto: 199.94 KB
[19:59:15] [INFO] [Simões Filho] Transferindo para ETL...
[19:59:15] [INFO] [Simões Filho] ETL processou em 0.56s.
[19:59:15] [INFO] [Banco de Dados] Preparando inserção de 741 registros para a filial 'Simões Filho'.
[19:59:15] [INFO] [Banco de Dados] Operação de I/O concluída. 741 linhas persistidas com sucesso.
[19:59:15] [INFO] [Simões Filho] [4/6] ✅ Simões Filho: 741 parcelas computadas.
[19:59:15] [INFO] [Simões Filho] Ciclo encerrado. Tempo: 37.74s.
[19:59:15] [INFO] ------------------------------------------------------------------------------------------
[19:59:15] [INFO] [5/6] [FILIAL PERIPERI]
[19:59:18] [INFO] Detectada tela de login. Autenticando `Daniel@ccaaperiperi`...
[19:59:28] [INFO] Autenticado no Sponte para Daniel@ccaaperiperi
[19:59:28] [INFO] [Periperi] Acessando módulo Financeiro...
[19:59:34] [INFO] [Periperi] Marcando: [X] Pendentes e [X] Quitadas via Injeção JS
[19:59:35] [INFO] [Periperi] Injetando corte de tempo: 01/11/2025
[19:59:35] [INFO] [Periperi] Isolando categoria: 1. Mensalidades
[19:59:36] [INFO] [Periperi] Forçando ativação da Exportação
[19:59:37] [INFO] [Periperi] Disparando Botão de Visualização/Exportação
[20:00:22] [INFO] [Periperi] Download finalizado: rec_Periperi.xlsx
[20:00:22] [INFO] [Periperi] Artefato bruto: 948.31 KB
[20:00:22] [INFO] [Periperi] Transferindo para ETL...
[20:00:23] [INFO] [Periperi] ETL processou em 1.85s.
[20:00:23] [INFO] [Banco de Dados] Preparando inserção de 3670 registros para a filial 'Periperi'.
[20:00:24] [INFO] [Banco de Dados] Operação de I/O concluída. 3670 linhas persistidas com sucesso.
[20:00:24] [INFO] [Periperi] [5/6] ✅ Periperi: 3670 parcelas computadas.
[20:00:24] [INFO] [Periperi] Ciclo encerrado. Tempo: 68.35s.
[20:00:24] [INFO] ------------------------------------------------------------------------------------------
[20:00:24] [INFO] [6/6] [FILIAL CAJAZEIRAS]
[20:00:26] [INFO] Detectada tela de login. Autenticando `Daniel@ccaacajazeiras`...
[20:00:37] [INFO] Autenticado no Sponte para Daniel@ccaacajazeiras
[20:00:37] [INFO] [Cajazeiras] Acessando módulo Financeiro...
[20:00:43] [INFO] [Cajazeiras] Marcando: [X] Pendentes e [X] Quitadas via Injeção JS
[20:00:44] [INFO] [Cajazeiras] Injetando corte de tempo: 01/11/2025
[20:00:44] [INFO] [Cajazeiras] Isolando categoria: 1. Mensalidades
[20:00:45] [INFO] [Cajazeiras] Forçando ativação da Exportação
[20:00:46] [INFO] [Cajazeiras] Disparando Botão de Visualização/Exportação
[20:01:13] [INFO] [Cajazeiras] Download finalizado: rec_Cajazeiras.xlsx
[20:01:13] [INFO] [Cajazeiras] Artefato bruto: 517.15 KB
[20:01:13] [INFO] [Cajazeiras] Transferindo para ETL...
[20:01:14] [INFO] [Cajazeiras] ETL processou em 1.12s.
[20:01:14] [INFO] [Banco de Dados] Preparando inserção de 1991 registros para a filial 'Cajazeiras'.
[20:01:14] [INFO] [Banco de Dados] Operação de I/O concluída. 1991 linhas persistidas com sucesso.
[20:01:14] [INFO] [Cajazeiras] [6/6] ✅ Cajazeiras: 1991 parcelas computadas.
[20:01:14] [INFO] [Cajazeiras] Ciclo encerrado. Tempo: 50.62s.
[20:01:14] [INFO] ==========================================================================================
[20:01:14] [INFO] RESUMO GERAL | TEMPO: 328.47s
[20:01:14] [INFO] Sucessos (6): Paralela, Matatu de Brotas, Iguatemi, Simões Filho, Periperi, Cajazeiras
[20:01:14] [INFO] ==========================================================================================
