[2026-08-16 12:41:05] [INFO] ==========================================================================================
[2026-08-16 12:41:05] [INFO] INICIANDO SINCRONIZAÇÃO DE RECEITAS | OPERADOR: Daniel | ANO REF: 2026
[2026-08-16 12:41:05] [INFO] ==========================================================================================
[2026-08-16 12:41:05] [INFO] [Banco de Dados] Tabela 'recebiveis_auditados' dropada. O banco foi expurgado com sucesso.
[2026-08-16 12:41:05] [INFO] [SISTEMA] O banco de dados foi completamente expurgado.
[2026-08-16 12:41:06] [INFO] ------------------------------------------------------------------------------------------
[2026-08-16 12:41:06] [INFO] [1/6] [FILIAL PARALELA]
[2026-08-16 12:41:08] [INFO] Detectada tela de login. Autenticando `Daniel@ccaaparalela`...
[2026-08-16 12:41:18] [INFO] Autenticado no Sponte para Daniel@ccaaparalela
[2026-08-16 12:41:18] [INFO] [Paralela] Acessando módulo Financeiro...
[2026-08-16 12:41:22] [ERROR] [Cajazeiras] Falha executando Cajazeiras: Timeout 120000ms exceeded while waiting for event "download"
=========================== logs ===========================
waiting for event "download"
============================================================
[2026-08-16 12:41:22] [ERROR] Traceback (most recent call last):
  File "C:\Users\Vitor Daniel\Desktop\Codigos e Projetos\Rel-CCAA\core\rpa.py", line 291, in sincronizar_todas_as_unidades_sponte
    path_rec = extrair_contas_receber_unidade(page_unid, unidade, data_inicial_sp, logger, log_ui)
  File "C:\Users\Vitor Daniel\Desktop\Codigos e Projetos\Rel-CCAA\core\rpa.py", line 233, in extrair_contas_receber_unidade
    with page.expect_download(timeout=120000) as download_info:
         ~~~~~~~~~~~~~~~~~~~~^^^^^^^^^^^^^^^^
  File "C:\Users\Vitor Daniel\AppData\Local\Programs\Python\Python313\Lib\site-packages\playwright\_impl\_sync_base.py", line 85, in __exit__
    self._event.value
  File "C:\Users\Vitor Daniel\AppData\Local\Programs\Python\Python313\Lib\site-packages\playwright\_impl\_sync_base.py", line 59, in value
    raise exception
playwright._impl._errors.TimeoutError: Timeout 120000ms exceeded while waiting for event "download"
=========================== logs ===========================
waiting for event "download"
============================================================

[2026-08-16 12:41:22] [INFO] [Cajazeiras] Ciclo encerrado. Tempo: 135.44s.
[2026-08-16 12:41:24] [INFO] [Paralela] Marcando: [X] Pendentes e [X] Quitadas via Injeção JS
[2026-08-16 12:41:25] [INFO] [Paralela] Injetando corte de tempo: 01/11/2025
[2026-08-16 12:41:25] [INFO] [Paralela] Isolando categoria: 1. Mensalidades
[2026-08-16 12:41:26] [INFO] [Paralela] Forçando ativação da Exportação
[2026-08-16 12:41:27] [INFO] [Paralela] Disparando Botão de Visualização/Exportação
[2026-08-16 12:41:50] [INFO] [Paralela] Download finalizado: rec_Paralela.xlsx
[2026-08-16 12:41:50] [INFO] [Paralela] Artefato bruto: 541.00 KB
[2026-08-16 12:41:50] [INFO] [Paralela] Transferindo para ETL...
[2026-08-16 12:41:51] [INFO] [Paralela] ETL processou em 1.16s.
[2026-08-16 12:41:51] [INFO] [Banco de Dados] Preparando inserção de 2044 registros para a filial 'Paralela'.
[2026-08-16 12:41:51] [INFO] [Banco de Dados] Operação de I/O concluída. 2044 linhas persistidas com sucesso.
[2026-08-16 12:41:51] [INFO] [Paralela] [1/6] ✅ Paralela: 2044 parcelas computadas.
[2026-08-16 12:41:51] [INFO] [Paralela] Ciclo encerrado. Tempo: 45.34s.
[2026-08-16 12:41:51] [INFO] ------------------------------------------------------------------------------------------
[2026-08-16 12:41:51] [INFO] [2/6] [FILIAL MATATU DE BROTAS]
[2026-08-16 12:41:54] [INFO] Detectada tela de login. Autenticando `Daniel@ccaamatatu`...
[2026-08-16 12:42:03] [INFO] Autenticado no Sponte para Daniel@ccaamatatu
[2026-08-16 12:42:03] [INFO] [Matatu de Brotas] Acessando módulo Financeiro...
[2026-08-16 12:42:09] [INFO] [Matatu de Brotas] Marcando: [X] Pendentes e [X] Quitadas via Injeção JS
[2026-08-16 12:42:09] [INFO] [Matatu de Brotas] Injetando corte de tempo: 01/11/2025
[2026-08-16 12:42:10] [INFO] [Matatu de Brotas] Isolando categoria: 1. Mensalidades
[2026-08-16 12:42:10] [INFO] [Matatu de Brotas] Forçando ativação da Exportação
[2026-08-16 12:42:12] [INFO] [Matatu de Brotas] Disparando Botão de Visualização/Exportação
[2026-08-16 12:42:36] [INFO] [Matatu de Brotas] Download finalizado: rec_Matatu de Brotas.xlsx
[2026-08-16 12:42:36] [INFO] [Matatu de Brotas] Artefato bruto: 558.87 KB
[2026-08-16 12:42:36] [INFO] [Matatu de Brotas] Transferindo para ETL...
[2026-08-16 12:42:37] [INFO] [Matatu de Brotas] ETL processou em 1.22s.
[2026-08-16 12:42:37] [INFO] [Banco de Dados] Preparando inserção de 2205 registros para a filial 'Matatu de Brotas'.
[2026-08-16 12:42:37] [INFO] [Banco de Dados] Operação de I/O concluída. 2205 linhas persistidas com sucesso.
[2026-08-16 12:42:37] [INFO] [Matatu de Brotas] [2/6] ✅ Matatu de Brotas: 2205 parcelas computadas.
[2026-08-16 12:42:37] [INFO] [Matatu de Brotas] Ciclo encerrado. Tempo: 45.72s.
[2026-08-16 12:42:37] [INFO] ------------------------------------------------------------------------------------------
[2026-08-16 12:42:37] [INFO] [3/6] [FILIAL IGUATEMI]
[2026-08-16 12:42:40] [INFO] Detectada tela de login. Autenticando `Daniel@ccaaiguatemi`...
[2026-08-16 12:42:49] [INFO] Autenticado no Sponte para Daniel@ccaaiguatemi
[2026-08-16 12:42:49] [INFO] [Iguatemi] Acessando módulo Financeiro...
[2026-08-16 12:42:56] [INFO] [Iguatemi] Marcando: [X] Pendentes e [X] Quitadas via Injeção JS
[2026-08-16 12:42:57] [INFO] [Iguatemi] Injetando corte de tempo: 01/11/2025
[2026-08-16 12:42:57] [INFO] [Iguatemi] Isolando categoria: 1. Mensalidades
[2026-08-16 12:42:58] [INFO] [Iguatemi] Forçando ativação da Exportação
[2026-08-16 12:42:59] [INFO] [Iguatemi] Disparando Botão de Visualização/Exportação
[2026-08-16 12:43:22] [INFO] [Iguatemi] Download finalizado: rec_Iguatemi.xlsx
[2026-08-16 12:43:22] [INFO] [Iguatemi] Artefato bruto: 499.92 KB
[2026-08-16 12:43:22] [INFO] [Iguatemi] Transferindo para ETL...
[2026-08-16 12:43:23] [INFO] [Iguatemi] ETL processou em 0.98s.
[2026-08-16 12:43:23] [INFO] [Banco de Dados] Preparando inserção de 1918 registros para a filial 'Iguatemi'.
[2026-08-16 12:43:23] [INFO] [Banco de Dados] Operação de I/O concluída. 1918 linhas persistidas com sucesso.
[2026-08-16 12:43:23] [INFO] [Iguatemi] [3/6] ✅ Iguatemi: 1918 parcelas computadas.
[2026-08-16 12:43:23] [INFO] [Iguatemi] Ciclo encerrado. Tempo: 45.78s.
[2026-08-16 12:43:23] [INFO] ------------------------------------------------------------------------------------------
[2026-08-16 12:43:23] [INFO] [4/6] [FILIAL SIMÕES FILHO]
[2026-08-16 12:43:26] [INFO] Detectada tela de login. Autenticando `Daniel@ccaasimoesfilho`...
[2026-08-16 12:43:35] [INFO] Autenticado no Sponte para Daniel@ccaasimoesfilho
[2026-08-16 12:43:35] [INFO] [Simões Filho] Acessando módulo Financeiro...
[2026-08-16 12:43:42] [INFO] [Simões Filho] Marcando: [X] Pendentes e [X] Quitadas via Injeção JS
[2026-08-16 12:43:42] [INFO] [Simões Filho] Injetando corte de tempo: 01/11/2025
[2026-08-16 12:43:43] [INFO] [Simões Filho] Isolando categoria: 1. Mensalidades
[2026-08-16 12:43:43] [INFO] [Simões Filho] Forçando ativação da Exportação
[2026-08-16 12:43:44] [INFO] [Simões Filho] Disparando Botão de Visualização/Exportação
[2026-08-16 12:43:57] [INFO] [Simões Filho] Download finalizado: rec_Simões Filho.xlsx
[2026-08-16 12:43:57] [INFO] [Simões Filho] Artefato bruto: 199.17 KB
[2026-08-16 12:43:57] [INFO] [Simões Filho] Transferindo para ETL...
[2026-08-16 12:43:57] [INFO] [Simões Filho] ETL processou em 0.47s.
[2026-08-16 12:43:57] [INFO] [Banco de Dados] Preparando inserção de 738 registros para a filial 'Simões Filho'.
[2026-08-16 12:43:57] [INFO] [Banco de Dados] Operação de I/O concluída. 738 linhas persistidas com sucesso.
[2026-08-16 12:43:57] [INFO] [Simões Filho] [4/6] ✅ Simões Filho: 738 parcelas computadas.
[2026-08-16 12:43:57] [INFO] [Simões Filho] Ciclo encerrado. Tempo: 34.32s.
[2026-08-16 12:43:57] [INFO] ------------------------------------------------------------------------------------------
[2026-08-16 12:43:57] [INFO] [5/6] [FILIAL PERIPERI]
[2026-08-16 12:44:00] [INFO] Detectada tela de login. Autenticando `Daniel@ccaaperiperi`...
[2026-08-16 12:44:09] [INFO] Autenticado no Sponte para Daniel@ccaaperiperi
[2026-08-16 12:44:09] [INFO] [Periperi] Acessando módulo Financeiro...
[2026-08-16 12:44:15] [INFO] [Periperi] Marcando: [X] Pendentes e [X] Quitadas via Injeção JS
[2026-08-16 12:44:16] [INFO] [Periperi] Injetando corte de tempo: 01/11/2025
[2026-08-16 12:44:16] [INFO] [Periperi] Isolando categoria: 1. Mensalidades
[2026-08-16 12:44:16] [INFO] [Periperi] Forçando ativação da Exportação
[2026-08-16 12:44:18] [INFO] [Periperi] Disparando Botão de Visualização/Exportação
[2026-08-16 12:44:58] [INFO] [Periperi] Download finalizado: rec_Periperi.xlsx
[2026-08-16 12:44:58] [INFO] [Periperi] Artefato bruto: 948.32 KB
[2026-08-16 12:44:58] [INFO] [Periperi] Transferindo para ETL...
[2026-08-16 12:45:00] [INFO] [Periperi] ETL processou em 2.29s.
[2026-08-16 12:45:00] [INFO] [Banco de Dados] Preparando inserção de 3668 registros para a filial 'Periperi'.
[2026-08-16 12:45:00] [INFO] [Banco de Dados] Operação de I/O concluída. 3668 linhas persistidas com sucesso.
[2026-08-16 12:45:00] [INFO] [Periperi] [5/6] ✅ Periperi: 3668 parcelas computadas.
[2026-08-16 12:45:00] [INFO] [Periperi] Ciclo encerrado. Tempo: 63.08s.
[2026-08-16 12:45:00] [INFO] ------------------------------------------------------------------------------------------
[2026-08-16 12:45:00] [INFO] [6/6] [FILIAL CAJAZEIRAS]
[2026-08-16 12:45:03] [INFO] Detectada tela de login. Autenticando `Daniel@ccaacajazeiras`...
[2026-08-16 12:45:12] [INFO] Autenticado no Sponte para Daniel@ccaacajazeiras
[2026-08-16 12:45:12] [INFO] [Cajazeiras] Acessando módulo Financeiro...
[2026-08-16 12:45:19] [INFO] [Cajazeiras] Marcando: [X] Pendentes e [X] Quitadas via Injeção JS
[2026-08-16 12:45:20] [INFO] [Cajazeiras] Injetando corte de tempo: 01/11/2025
[2026-08-16 12:45:20] [INFO] [Cajazeiras] Isolando categoria: 1. Mensalidades
[2026-08-16 12:45:20] [INFO] [Cajazeiras] Forçando ativação da Exportação
[2026-08-16 12:45:22] [INFO] [Cajazeiras] Disparando Botão de Visualização/Exportação
[2026-08-16 12:45:44] [INFO] [Cajazeiras] Download finalizado: rec_Cajazeiras.xlsx
[2026-08-16 12:45:44] [INFO] [Cajazeiras] Artefato bruto: 516.40 KB
[2026-08-16 12:45:44] [INFO] [Cajazeiras] Transferindo para ETL...
[2026-08-16 12:45:45] [INFO] [Cajazeiras] ETL processou em 1.06s.
[2026-08-16 12:45:45] [INFO] [Banco de Dados] Preparando inserção de 1986 registros para a filial 'Cajazeiras'.
[2026-08-16 12:45:45] [INFO] [Banco de Dados] Operação de I/O concluída. 1986 linhas persistidas com sucesso.
[2026-08-16 12:45:45] [INFO] [Cajazeiras] [6/6] ✅ Cajazeiras: 1986 parcelas computadas.
[2026-08-16 12:45:45] [INFO] [Cajazeiras] Ciclo encerrado. Tempo: 44.93s.
[2026-08-16 12:45:45] [INFO] ==========================================================================================
[2026-08-16 12:45:45] [INFO] RESUMO GERAL | TEMPO: 280.01s
[2026-08-16 12:45:45] [INFO] Sucessos (6): Paralela, Matatu de Brotas, Iguatemi, Simões Filho, Periperi, Cajazeiras
[2026-08-16 12:45:45] [INFO] ==========================================================================================
